2026-10-08T21:09:23+00:00	docker.flask	{"log":"127.0.0.1 - - [08/Oct/2026 21:09:23] \"\u001b[33mGET /health HTTP/1.1\u001b[0m\" 404 -","container_id":"dd42746fcd5e614c803f85ee5fd2903321a14c9d3bc2b4866afa2f584273e2e9","container_name":"/flask_app","source":"stderr"}
2026-10-08T21:09:24+00:00	docker.flask	{"log":"Transient error StatusCode.UNAVAILABLE encountered while exporting traces to localhost:4317, retrying in 1.16s. Error details: failed to connect to all addresses; last error: UNKNOWN: ipv4:127.0.0.1:4317: Failed to connect to remote host: Connection refused","container_id":"dd42746fcd5e614c803f85ee5fd2903321a14c9d3bc2b4866afa2f584273e2e9","container_name":"/flask_app","source":"stderr"}
2026-10-08T21:09:24+00:00	docker.fastapi	{"source":"stdout","log":"{\"timestamp\": \"2026-10-08T21:09:24.574071+00:00\", \"level\": \"INFO\", \"message\": \"request_processed\", \"method\": \"GET\", \"path\": \"/health\", \"status_code\": 200, \"duration_ms\": 17.29, \"client_ip\": \"127.0.0.1\"}","container_id":"fc994c2429a91a7b370cbd8a957426ed6cbccfd89aa2b7de0ee8f7cc549afc4b","container_name":"/fastapi_app"}
2026-10-08T21:09:24+00:00	docker.fastapi	{"container_id":"fc994c2429a91a7b370cbd8a957426ed6cbccfd89aa2b7de0ee8f7cc549afc4b","container_name":"/fastapi_app","source":"stdout","log":"INFO:     127.0.0.1:54398 - \"GET /health HTTP/1.1\" 200 OK"}
2026-10-08T21:09:28+00:00	docker.flask	{"container_id":"dd42746fcd5e614c803f85ee5fd2903321a14c9d3bc2b4866afa2f584273e2e9","container_name":"/flask_app","source":"stderr","log":"127.0.0.1 - - [08/Oct/2026 21:09:28] \"\u001b[33mGET /health HTTP/1.1\u001b[0m\" 404 -"}
2026-10-08T21:09:30+00:00	docker.flask	{"source":"stderr","log":"Failed to export traces to localhost:4317, error code: StatusCode.UNAVAILABLE, error details: failed to connect to all addresses; last error: UNKNOWN: ipv4:127.0.0.1:4317: Failed to connect to remote host: Connection refused","container_id":"dd42746fcd5e614c803f85ee5fd2903321a14c9d3bc2b4866afa2f584273e2e9","container_name":"/flask_app"}
2026-10-08T21:09:35+00:00	docker.flask	{"source":"stderr","log":"Transient error StatusCode.UNAVAILABLE encountered while exporting traces to localhost:4317, retrying in 0.89s. Error details: failed to connect to all addresses; last error: UNKNOWN: ipv4:127.0.0.1:4317: Failed to connect to remote host: Connection refused","container_id":"dd42746fcd5e614c803f85ee5fd2903321a14c9d3bc2b4866afa2f584273e2e9","container_name":"/flask_app"}
2026-10-08T21:09:42+00:00	docker.flask	{"container_name":"/flask_app","source":"stderr","log":"Failed to export traces to localhost:4317, error code: StatusCode.UNAVAILABLE, error details: failed to connect to all addresses; last error: UNKNOWN: ipv4:127.0.0.1:4317: Failed to connect to remote host: Connection refused","container_id":"dd42746fcd5e614c803f85ee5fd2903321a14c9d3bc2b4866afa2f584273e2e9"}
2026-10-08T21:09:54+00:00	docker.fastapi	{"container_id":"fc994c2429a91a7b370cbd8a957426ed6cbccfd89aa2b7de0ee8f7cc549afc4b","container_name":"/fastapi_app","source":"stdout","log":"{\"timestamp\": \"2026-10-08T21:09:54.616196+00:00\", \"level\": \"INFO\", \"message\": \"request_processed\", \"method\": \"GET\", \"path\": \"/health\", \"status_code\": 200, \"duration_ms\": 0.62, \"client_ip\": \"127.0.0.1\"}"}
2026-10-08T21:09:54+00:00	docker.fastapi	{"container_id":"fc994c2429a91a7b370cbd8a957426ed6cbccfd89aa2b7de0ee8f7cc549afc4b","container_name":"/fastapi_app","source":"stdout","log":"INFO:     127.0.0.1:49032 - \"GET /health HTTP/1.1\" 200 OK"}
2026-10-08T21:09:58+00:00	docker.flask	{"container_name":"/flask_app","source":"stderr","log":"127.0.0.1 - - [08/Oct/2026 21:09:58] \"\u001b[33mGET /health HTTP/1.1\u001b[0m\" 404 -","container_id":"dd42746fcd5e614c803f85ee5fd2903321a14c9d3bc2b4866afa2f584273e2e9"}
2026-10-08T21:10:02+00:00	docker.flask	{"container_id":"dd42746fcd5e614c803f85ee5fd2903321a14c9d3bc2b4866afa2f584273e2e9","container_name":"/flask_app","source":"stderr","log":"Transient error StatusCode.UNAVAILABLE encountered while exporting traces to localhost:4317, retrying in 0.96s. Error details: failed to connect to all addresses; last error: UNKNOWN: ipv6:%5B::1%5D:4317: Failed to connect to remote host: Connection refused"}
2026-10-08T21:10:09+00:00	docker.flask	{"log":"Failed to export traces to localhost:4317, error code: StatusCode.UNAVAILABLE, error details: failed to connect to all addresses; last error: UNKNOWN: ipv6:%5B::1%5D:4317: Failed to connect to remote host: Connection refused","container_id":"dd42746fcd5e614c803f85ee5fd2903321a14c9d3bc2b4866afa2f584273e2e9","container_name":"/flask_app","source":"stderr"}
2026-10-08T21:10:24+00:00	docker.fastapi	{"log":"{\"timestamp\": \"2026-10-08T21:10:24.656332+00:00\", \"level\": \"INFO\", \"message\": \"request_processed\", \"method\": \"GET\", \"path\": \"/health\", \"status_code\": 200, \"duration_ms\": 0.96, \"client_ip\": \"127.0.0.1\"}","container_id":"fc994c2429a91a7b370cbd8a957426ed6cbccfd89aa2b7de0ee8f7cc549afc4b","container_name":"/fastapi_app","source":"stdout"}
2026-10-08T21:10:24+00:00	docker.fastapi	{"container_id":"fc994c2429a91a7b370cbd8a957426ed6cbccfd89aa2b7de0ee8f7cc549afc4b","container_name":"/fastapi_app","source":"stdout","log":"INFO:     127.0.0.1:55014 - \"GET /health HTTP/1.1\" 200 OK"}
2026-10-08T21:10:28+00:00	docker.flask	{"container_id":"dd42746fcd5e614c803f85ee5fd2903321a14c9d3bc2b4866afa2f584273e2e9","container_name":"/flask_app","source":"stderr","log":"127.0.0.1 - - [08/Oct/2026 21:10:28] \"\u001b[33mGET /health HTTP/1.1\u001b[0m\" 404 -"}
2026-10-08T21:10:29+00:00	docker.flask	{"container_name":"/flask_app","source":"stderr","log":"Transient error StatusCode.UNAVAILABLE encountered while exporting traces to localhost:4317, retrying in 0.98s. Error details: failed to connect to all addresses; last error: UNKNOWN: ipv4:127.0.0.1:4317: Failed to connect to remote host: Connection refused","container_id":"dd42746fcd5e614c803f85ee5fd2903321a14c9d3bc2b4866afa2f584273e2e9"}
2026-10-08T21:10:36+00:00	docker.flask	{"container_name":"/flask_app","source":"stderr","log":"Failed to export traces to localhost:4317, error code: StatusCode.UNAVAILABLE, error details: failed to connect to all addresses; last error: UNKNOWN: ipv4:127.0.0.1:4317: Failed to connect to remote host: Connection refused","container_id":"dd42746fcd5e614c803f85ee5fd2903321a14c9d3bc2b4866afa2f584273e2e9"}
2026-10-08T21:10:54+00:00	docker.fastapi	{"container_name":"/fastapi_app","source":"stdout","log":"{\"timestamp\": \"2026-10-08T21:10:54.693381+00:00\", \"level\": \"INFO\", \"message\": \"request_processed\", \"method\": \"GET\", \"path\": \"/health\", \"status_code\": 200, \"duration_ms\": 0.99, \"client_ip\": \"127.0.0.1\"}","container_id":"fc994c2429a91a7b370cbd8a957426ed6cbccfd89aa2b7de0ee8f7cc549afc4b"}
2026-10-08T21:10:54+00:00	docker.fastapi	{"container_name":"/fastapi_app","source":"stdout","log":"INFO:     127.0.0.1:59210 - \"GET /health HTTP/1.1\" 200 OK","container_id":"fc994c2429a91a7b370cbd8a957426ed6cbccfd89aa2b7de0ee8f7cc549afc4b"}
2026-10-08T21:10:54+00:00	docker.nginx	{"source":"stderr","log":"2026/10/08 21:10:54 [notice] 1#1: signal 3 (SIGQUIT) received, shutting down","container_id":"02562219cf0cecf28ccf94e474449fd39ee6f170b2f21ea7eafa8c87170d27c3","container_name":"/nginx_proxy"}
2026-10-08T21:10:54+00:00	docker.nginx	{"container_id":"02562219cf0cecf28ccf94e474449fd39ee6f170b2f21ea7eafa8c87170d27c3","container_name":"/nginx_proxy","source":"stderr","log":"2026/10/08 21:10:54 [notice] 21#21: gracefully shutting down"}
2026-10-08T21:10:54+00:00	docker.nginx	{"container_id":"02562219cf0cecf28ccf94e474449fd39ee6f170b2f21ea7eafa8c87170d27c3","container_name":"/nginx_proxy","source":"stderr","log":"2026/10/08 21:10:54 [notice] 22#22: gracefully shutting down"}
2026-10-08T21:10:54+00:00	docker.nginx	{"container_id":"02562219cf0cecf28ccf94e474449fd39ee6f170b2f21ea7eafa8c87170d27c3","container_name":"/nginx_proxy","source":"stderr","log":"2026/10/08 21:10:54 [notice] 21#21: exiting"}
2026-10-08T21:10:54+00:00	docker.nginx	{"container_id":"02562219cf0cecf28ccf94e474449fd39ee6f170b2f21ea7eafa8c87170d27c3","container_name":"/nginx_proxy","source":"stderr","log":"2026/10/08 21:10:54 [notice] 23#23: gracefully shutting down"}
2026-10-08T21:10:54+00:00	docker.nginx	{"log":"2026/10/08 21:10:54 [notice] 28#28: gracefully shutting down","container_id":"02562219cf0cecf28ccf94e474449fd39ee6f170b2f21ea7eafa8c87170d27c3","container_name":"/nginx_proxy","source":"stderr"}
2026-10-08T21:10:54+00:00	docker.nginx	{"source":"stderr","log":"2026/10/08 21:10:54 [notice] 25#25: gracefully shutting down","container_id":"02562219cf0cecf28ccf94e474449fd39ee6f170b2f21ea7eafa8c87170d27c3","container_name":"/nginx_proxy"}
2026-10-08T21:10:54+00:00	docker.nginx	{"log":"2026/10/08 21:10:54 [notice] 28#28: exiting","container_id":"02562219cf0cecf28ccf94e474449fd39ee6f170b2f21ea7eafa8c87170d27c3","container_name":"/nginx_proxy","source":"stderr"}
2026-10-08T21:10:54+00:00	docker.nginx	{"container_id":"02562219cf0cecf28ccf94e474449fd39ee6f170b2f21ea7eafa8c87170d27c3","container_name":"/nginx_proxy","source":"stderr","log":"2026/10/08 21:10:54 [notice] 23#23: exiting"}
2026-10-08T21:10:54+00:00	docker.nginx	{"log":"2026/10/08 21:10:54 [notice] 24#24: gracefully shutting down","container_id":"02562219cf0cecf28ccf94e474449fd39ee6f170b2f21ea7eafa8c87170d27c3","container_name":"/nginx_proxy","source":"stderr"}
2026-10-08T21:10:54+00:00	docker.nginx	{"container_id":"02562219cf0cecf28ccf94e474449fd39ee6f170b2f21ea7eafa8c87170d27c3","container_name":"/nginx_proxy","source":"stderr","log":"2026/10/08 21:10:54 [notice] 24#24: exiting"}
2026-10-08T21:10:54+00:00	docker.nginx	{"container_id":"02562219cf0cecf28ccf94e474449fd39ee6f170b2f21ea7eafa8c87170d27c3","container_name":"/nginx_proxy","source":"stderr","log":"2026/10/08 21:10:54 [notice] 31#31: gracefully shutting down"}
2026-10-08T21:10:54+00:00	docker.nginx	{"container_id":"02562219cf0cecf28ccf94e474449fd39ee6f170b2f21ea7eafa8c87170d27c3","container_name":"/nginx_proxy","source":"stderr","log":"2026/10/08 21:10:54 [notice] 27#27: gracefully shutting down"}
2026-10-08T21:10:54+00:00	docker.nginx	{"source":"stderr","log":"2026/10/08 21:10:54 [notice] 31#31: exiting","container_id":"02562219cf0cecf28ccf94e474449fd39ee6f170b2f21ea7eafa8c87170d27c3","container_name":"/nginx_proxy"}
2026-10-08T21:10:54+00:00	docker.nginx	{"container_id":"02562219cf0cecf28ccf94e474449fd39ee6f170b2f21ea7eafa8c87170d27c3","container_name":"/nginx_proxy","source":"stderr","log":"2026/10/08 21:10:54 [notice] 28#28: exit"}
2026-10-08T21:10:54+00:00	docker.nginx	{"log":"2026/10/08 21:10:54 [notice] 21#21: exit","container_id":"02562219cf0cecf28ccf94e474449fd39ee6f170b2f21ea7eafa8c87170d27c3","container_name":"/nginx_proxy","source":"stderr"}
2026-10-08T21:10:54+00:00	docker.nginx	{"source":"stderr","log":"2026/10/08 21:10:54 [notice] 23#23: exit","container_id":"02562219cf0cecf28ccf94e474449fd39ee6f170b2f21ea7eafa8c87170d27c3","container_name":"/nginx_proxy"}
2026-10-08T21:10:54+00:00	docker.nginx	{"source":"stderr","log":"2026/10/08 21:10:54 [notice] 25#25: exiting","container_id":"02562219cf0cecf28ccf94e474449fd39ee6f170b2f21ea7eafa8c87170d27c3","container_name":"/nginx_proxy"}
2026-10-08T21:10:54+00:00	docker.nginx	{"container_id":"02562219cf0cecf28ccf94e474449fd39ee6f170b2f21ea7eafa8c87170d27c3","container_name":"/nginx_proxy","source":"stderr","log":"2026/10/08 21:10:54 [notice] 24#24: exit"}
2026-10-08T21:10:54+00:00	docker.nginx	{"container_id":"02562219cf0cecf28ccf94e474449fd39ee6f170b2f21ea7eafa8c87170d27c3","container_name":"/nginx_proxy","source":"stderr","log":"2026/10/08 21:10:54 [notice] 22#22: exiting"}
2026-10-08T21:10:54+00:00	docker.nginx	{"container_id":"02562219cf0cecf28ccf94e474449fd39ee6f170b2f21ea7eafa8c87170d27c3","container_name":"/nginx_proxy","source":"stderr","log":"2026/10/08 21:10:54 [notice] 30#30: gracefully shutting down"}
2026-10-08T21:10:54+00:00	docker.nginx	{"container_id":"02562219cf0cecf28ccf94e474449fd39ee6f170b2f21ea7eafa8c87170d27c3","container_name":"/nginx_proxy","source":"stderr","log":"2026/10/08 21:10:54 [notice] 30#30: exiting"}
2026-10-08T21:10:54+00:00	docker.nginx	{"container_id":"02562219cf0cecf28ccf94e474449fd39ee6f170b2f21ea7eafa8c87170d27c3","container_name":"/nginx_proxy","source":"stderr","log":"2026/10/08 21:10:54 [notice] 32#32: gracefully shutting down"}
2026-10-08T21:10:54+00:00	docker.nginx	{"container_id":"02562219cf0cecf28ccf94e474449fd39ee6f170b2f21ea7eafa8c87170d27c3","container_name":"/nginx_proxy","source":"stderr","log":"2026/10/08 21:10:54 [notice] 32#32: exiting"}
2026-10-08T21:10:54+00:00	docker.nginx	{"container_id":"02562219cf0cecf28ccf94e474449fd39ee6f170b2f21ea7eafa8c87170d27c3","container_name":"/nginx_proxy","source":"stderr","log":"2026/10/08 21:10:54 [notice] 22#22: exit"}
2026-10-08T21:10:54+00:00	docker.nginx	{"container_id":"02562219cf0cecf28ccf94e474449fd39ee6f170b2f21ea7eafa8c87170d27c3","container_name":"/nginx_proxy","source":"stderr","log":"2026/10/08 21:10:54 [notice] 29#29: gracefully shutting down"}
2026-10-08T21:10:54+00:00	docker.nginx	{"source":"stderr","log":"2026/10/08 21:10:54 [notice] 30#30: exit","container_id":"02562219cf0cecf28ccf94e474449fd39ee6f170b2f21ea7eafa8c87170d27c3","container_name":"/nginx_proxy"}
2026-10-08T21:10:54+00:00	docker.nginx	{"log":"2026/10/08 21:10:54 [notice] 29#29: exiting","container_id":"02562219cf0cecf28ccf94e474449fd39ee6f170b2f21ea7eafa8c87170d27c3","container_name":"/nginx_proxy","source":"stderr"}
2026-10-08T21:10:54+00:00	docker.nginx	{"container_id":"02562219cf0cecf28ccf94e474449fd39ee6f170b2f21ea7eafa8c87170d27c3","container_name":"/nginx_proxy","source":"stderr","log":"2026/10/08 21:10:54 [notice] 25#25: exit"}
2026-10-08T21:10:54+00:00	docker.nginx	{"container_id":"02562219cf0cecf28ccf94e474449fd39ee6f170b2f21ea7eafa8c87170d27c3","container_name":"/nginx_proxy","source":"stderr","log":"2026/10/08 21:10:54 [notice] 32#32: exit"}
2026-10-08T21:10:54+00:00	docker.nginx	{"container_id":"02562219cf0cecf28ccf94e474449fd39ee6f170b2f21ea7eafa8c87170d27c3","container_name":"/nginx_proxy","source":"stderr","log":"2026/10/08 21:10:54 [notice] 29#29: exit"}
2026-10-08T21:10:54+00:00	docker.nginx	{"container_id":"02562219cf0cecf28ccf94e474449fd39ee6f170b2f21ea7eafa8c87170d27c3","container_name":"/nginx_proxy","source":"stderr","log":"2026/10/08 21:10:54 [notice] 27#27: exiting"}
2026-10-08T21:10:54+00:00	docker.nginx	{"container_name":"/nginx_proxy","source":"stderr","log":"2026/10/08 21:10:54 [notice] 26#26: gracefully shutting down","container_id":"02562219cf0cecf28ccf94e474449fd39ee6f170b2f21ea7eafa8c87170d27c3"}
2026-10-08T21:10:54+00:00	docker.nginx	{"log":"2026/10/08 21:10:54 [notice] 26#26: exiting","container_id":"02562219cf0cecf28ccf94e474449fd39ee6f170b2f21ea7eafa8c87170d27c3","container_name":"/nginx_proxy","source":"stderr"}
2026-10-08T21:10:54+00:00	docker.nginx	{"container_id":"02562219cf0cecf28ccf94e474449fd39ee6f170b2f21ea7eafa8c87170d27c3","container_name":"/nginx_proxy","source":"stderr","log":"2026/10/08 21:10:54 [notice] 27#27: exit"}
2026-10-08T21:10:54+00:00	docker.nginx	{"log":"2026/10/08 21:10:54 [notice] 26#26: exit","container_id":"02562219cf0cecf28ccf94e474449fd39ee6f170b2f21ea7eafa8c87170d27c3","container_name":"/nginx_proxy","source":"stderr"}
2026-10-08T21:10:54+00:00	docker.nginx	{"container_id":"02562219cf0cecf28ccf94e474449fd39ee6f170b2f21ea7eafa8c87170d27c3","container_name":"/nginx_proxy","source":"stderr","log":"2026/10/08 21:10:54 [notice] 31#31: exit"}
2026-10-08T21:10:55+00:00	docker.nginx	{"container_id":"02562219cf0cecf28ccf94e474449fd39ee6f170b2f21ea7eafa8c87170d27c3","container_name":"/nginx_proxy","source":"stderr","log":"2026/10/08 21:10:55 [notice] 1#1: signal 17 (SIGCHLD) received from 21"}
2026-10-08T21:10:55+00:00	docker.nginx	{"container_id":"02562219cf0cecf28ccf94e474449fd39ee6f170b2f21ea7eafa8c87170d27c3","container_name":"/nginx_proxy","source":"stderr","log":"2026/10/08 21:10:55 [notice] 1#1: worker process 21 exited with code 0"}
2026-10-08T21:10:55+00:00	docker.nginx	{"source":"stderr","log":"2026/10/08 21:10:55 [notice] 1#1: signal 29 (SIGIO) received","container_id":"02562219cf0cecf28ccf94e474449fd39ee6f170b2f21ea7eafa8c87170d27c3","container_name":"/nginx_proxy"}
2026-10-08T21:10:55+00:00	docker.nginx	{"container_id":"02562219cf0cecf28ccf94e474449fd39ee6f170b2f21ea7eafa8c87170d27c3","container_name":"/nginx_proxy","source":"stderr","log":"2026/10/08 21:10:55 [notice] 1#1: signal 17 (SIGCHLD) received from 24"}
2026-10-08T21:10:55+00:00	docker.nginx	{"source":"stderr","log":"2026/10/08 21:10:55 [notice] 1#1: worker process 24 exited with code 0","container_id":"02562219cf0cecf28ccf94e474449fd39ee6f170b2f21ea7eafa8c87170d27c3","container_name":"/nginx_proxy"}
2026-10-08T21:10:55+00:00	docker.nginx	{"container_id":"02562219cf0cecf28ccf94e474449fd39ee6f170b2f21ea7eafa8c87170d27c3","container_name":"/nginx_proxy","source":"stderr","log":"2026/10/08 21:10:55 [notice] 1#1: signal 29 (SIGIO) received"}
2026-10-08T21:10:55+00:00	docker.nginx	{"container_name":"/nginx_proxy","source":"stderr","log":"2026/10/08 21:10:55 [notice] 1#1: signal 17 (SIGCHLD) received from 28","container_id":"02562219cf0cecf28ccf94e474449fd39ee6f170b2f21ea7eafa8c87170d27c3"}
2026-10-08T21:10:55+00:00	docker.nginx	{"container_id":"02562219cf0cecf28ccf94e474449fd39ee6f170b2f21ea7eafa8c87170d27c3","container_name":"/nginx_proxy","source":"stderr","log":"2026/10/08 21:10:55 [notice] 1#1: worker process 28 exited with code 0"}
2026-10-08T21:10:55+00:00	docker.nginx	{"source":"stderr","log":"2026/10/08 21:10:55 [notice] 1#1: worker process 29 exited with code 0","container_id":"02562219cf0cecf28ccf94e474449fd39ee6f170b2f21ea7eafa8c87170d27c3","container_name":"/nginx_proxy"}
2026-10-08T21:10:55+00:00	docker.nginx	{"container_id":"02562219cf0cecf28ccf94e474449fd39ee6f170b2f21ea7eafa8c87170d27c3","container_name":"/nginx_proxy","source":"stderr","log":"2026/10/08 21:10:55 [notice] 1#1: worker process 30 exited with code 0"}
2026-10-08T21:10:55+00:00	docker.nginx	{"container_id":"02562219cf0cecf28ccf94e474449fd39ee6f170b2f21ea7eafa8c87170d27c3","container_name":"/nginx_proxy","source":"stderr","log":"2026/10/08 21:10:55 [notice] 1#1: signal 29 (SIGIO) received"}
2026-10-08T21:10:55+00:00	docker.nginx	{"container_id":"02562219cf0cecf28ccf94e474449fd39ee6f170b2f21ea7eafa8c87170d27c3","container_name":"/nginx_proxy","source":"stderr","log":"2026/10/08 21:10:55 [notice] 1#1: signal 17 (SIGCHLD) received from 25"}
2026-10-08T21:10:55+00:00	docker.nginx	{"container_id":"02562219cf0cecf28ccf94e474449fd39ee6f170b2f21ea7eafa8c87170d27c3","container_name":"/nginx_proxy","source":"stderr","log":"2026/10/08 21:10:55 [notice] 1#1: worker process 25 exited with code 0"}
2026-10-08T21:10:55+00:00	docker.nginx	{"source":"stderr","log":"2026/10/08 21:10:55 [notice] 1#1: signal 29 (SIGIO) received","container_id":"02562219cf0cecf28ccf94e474449fd39ee6f170b2f21ea7eafa8c87170d27c3","container_name":"/nginx_proxy"}
2026-10-08T21:10:55+00:00	docker.nginx	{"container_id":"02562219cf0cecf28ccf94e474449fd39ee6f170b2f21ea7eafa8c87170d27c3","container_name":"/nginx_proxy","source":"stderr","log":"2026/10/08 21:10:55 [notice] 1#1: signal 17 (SIGCHLD) received from 31"}
2026-10-08T21:10:55+00:00	docker.nginx	{"container_id":"02562219cf0cecf28ccf94e474449fd39ee6f170b2f21ea7eafa8c87170d27c3","container_name":"/nginx_proxy","source":"stderr","log":"2026/10/08 21:10:55 [notice] 1#1: worker process 31 exited with code 0"}
2026-10-08T21:10:55+00:00	docker.nginx	{"container_id":"02562219cf0cecf28ccf94e474449fd39ee6f170b2f21ea7eafa8c87170d27c3","container_name":"/nginx_proxy","source":"stderr","log":"2026/10/08 21:10:55 [notice] 1#1: worker process 32 exited with code 0"}
2026-10-08T21:10:55+00:00	docker.nginx	{"container_id":"02562219cf0cecf28ccf94e474449fd39ee6f170b2f21ea7eafa8c87170d27c3","container_name":"/nginx_proxy","source":"stderr","log":"2026/10/08 21:10:55 [notice] 1#1: signal 29 (SIGIO) received"}
2026-10-08T21:10:55+00:00	docker.nginx	{"source":"stderr","log":"2026/10/08 21:10:55 [notice] 1#1: signal 17 (SIGCHLD) received from 23","container_id":"02562219cf0cecf28ccf94e474449fd39ee6f170b2f21ea7eafa8c87170d27c3","container_name":"/nginx_proxy"}
2026-10-08T21:10:55+00:00	docker.nginx	{"container_id":"02562219cf0cecf28ccf94e474449fd39ee6f170b2f21ea7eafa8c87170d27c3","container_name":"/nginx_proxy","source":"stderr","log":"2026/10/08 21:10:55 [notice] 1#1: worker process 23 exited with code 0"}
2026-10-08T21:10:55+00:00	docker.nginx	{"container_id":"02562219cf0cecf28ccf94e474449fd39ee6f170b2f21ea7eafa8c87170d27c3","container_name":"/nginx_proxy","source":"stderr","log":"2026/10/08 21:10:55 [notice] 1#1: signal 29 (SIGIO) received"}
2026-10-08T21:10:55+00:00	docker.nginx	{"log":"2026/10/08 21:10:55 [notice] 1#1: signal 17 (SIGCHLD) received from 22","container_id":"02562219cf0cecf28ccf94e474449fd39ee6f170b2f21ea7eafa8c87170d27c3","container_name":"/nginx_proxy","source":"stderr"}
2026-10-08T21:10:55+00:00	docker.nginx	{"source":"stderr","log":"2026/10/08 21:10:55 [notice] 1#1: worker process 22 exited with code 0","container_id":"02562219cf0cecf28ccf94e474449fd39ee6f170b2f21ea7eafa8c87170d27c3","container_name":"/nginx_proxy"}
2026-10-08T21:10:55+00:00	docker.nginx	{"container_name":"/nginx_proxy","source":"stderr","log":"2026/10/08 21:10:55 [notice] 1#1: signal 29 (SIGIO) received","container_id":"02562219cf0cecf28ccf94e474449fd39ee6f170b2f21ea7eafa8c87170d27c3"}
2026-10-08T21:10:55+00:00	docker.nginx	{"container_id":"02562219cf0cecf28ccf94e474449fd39ee6f170b2f21ea7eafa8c87170d27c3","container_name":"/nginx_proxy","source":"stderr","log":"2026/10/08 21:10:55 [notice] 1#1: signal 17 (SIGCHLD) received from 26"}
2026-10-08T21:10:55+00:00	docker.nginx	{"log":"2026/10/08 21:10:55 [notice] 1#1: worker process 26 exited with code 0","container_id":"02562219cf0cecf28ccf94e474449fd39ee6f170b2f21ea7eafa8c87170d27c3","container_name":"/nginx_proxy","source":"stderr"}
2026-10-08T21:10:55+00:00	docker.nginx	{"container_id":"02562219cf0cecf28ccf94e474449fd39ee6f170b2f21ea7eafa8c87170d27c3","container_name":"/nginx_proxy","source":"stderr","log":"2026/10/08 21:10:55 [notice] 1#1: signal 29 (SIGIO) received"}
2026-10-08T21:10:55+00:00	docker.nginx	{"container_name":"/nginx_proxy","source":"stderr","log":"2026/10/08 21:10:55 [notice] 1#1: signal 17 (SIGCHLD) received from 27","container_id":"02562219cf0cecf28ccf94e474449fd39ee6f170b2f21ea7eafa8c87170d27c3"}
2026-10-08T21:10:55+00:00	docker.nginx	{"container_name":"/nginx_proxy","source":"stderr","log":"2026/10/08 21:10:55 [notice] 1#1: worker process 27 exited with code 0","container_id":"02562219cf0cecf28ccf94e474449fd39ee6f170b2f21ea7eafa8c87170d27c3"}
2026-10-08T21:10:55+00:00	docker.nginx	{"source":"stderr","log":"2026/10/08 21:10:55 [notice] 1#1: exit","container_id":"02562219cf0cecf28ccf94e474449fd39ee6f170b2f21ea7eafa8c87170d27c3","container_name":"/nginx_proxy"}
2026-10-08T21:10:55+00:00	docker.fastapi	{"container_id":"fc994c2429a91a7b370cbd8a957426ed6cbccfd89aa2b7de0ee8f7cc549afc4b","container_name":"/fastapi_app","source":"stderr","log":"INFO:     Shutting down"}
2026-10-08T21:10:55+00:00	docker.fastapi	{"container_id":"fc994c2429a91a7b370cbd8a957426ed6cbccfd89aa2b7de0ee8f7cc549afc4b","container_name":"/fastapi_app","source":"stderr","log":"INFO:     Waiting for application shutdown."}
2026-10-08T21:10:55+00:00	docker.fastapi	{"container_name":"/fastapi_app","source":"stderr","log":"INFO:     Application shutdown complete.","container_id":"fc994c2429a91a7b370cbd8a957426ed6cbccfd89aa2b7de0ee8f7cc549afc4b"}
2026-10-08T21:10:55+00:00	docker.fastapi	{"container_id":"fc994c2429a91a7b370cbd8a957426ed6cbccfd89aa2b7de0ee8f7cc549afc4b","container_name":"/fastapi_app","source":"stderr","log":"INFO:     Finished server process [1]"}
2026-10-08T21:11:40+00:00	docker.nginx	{"log":"/docker-entrypoint.sh: /docker-entrypoint.d/ is not empty, will attempt to perform configuration","container_id":"9eb45b827cfd4b5481fa3ed60dba4a5414f7925acf62e27555dfb373d06fe442","container_name":"/nginx_proxy","source":"stdout"}
2026-10-08T21:11:40+00:00	docker.nginx	{"container_name":"/nginx_proxy","source":"stdout","log":"/docker-entrypoint.sh: Looking for shell scripts in /docker-entrypoint.d/","container_id":"9eb45b827cfd4b5481fa3ed60dba4a5414f7925acf62e27555dfb373d06fe442"}
2026-10-08T21:11:40+00:00	docker.nginx	{"log":"/docker-entrypoint.sh: Launching /docker-entrypoint.d/10-listen-on-ipv6-by-default.sh","container_id":"9eb45b827cfd4b5481fa3ed60dba4a5414f7925acf62e27555dfb373d06fe442","container_name":"/nginx_proxy","source":"stdout"}
2026-10-08T21:11:40+00:00	docker.nginx	{"log":"10-listen-on-ipv6-by-default.sh: info: can not modify /etc/nginx/conf.d/default.conf (read-only file system?)","container_id":"9eb45b827cfd4b5481fa3ed60dba4a5414f7925acf62e27555dfb373d06fe442","container_name":"/nginx_proxy","source":"stdout"}
2026-10-08T21:11:40+00:00	docker.nginx	{"container_id":"9eb45b827cfd4b5481fa3ed60dba4a5414f7925acf62e27555dfb373d06fe442","container_name":"/nginx_proxy","source":"stdout","log":"/docker-entrypoint.sh: Sourcing /docker-entrypoint.d/15-local-resolvers.envsh"}
2026-10-08T21:11:40+00:00	docker.nginx	{"source":"stdout","log":"/docker-entrypoint.sh: Launching /docker-entrypoint.d/20-envsubst-on-templates.sh","container_id":"9eb45b827cfd4b5481fa3ed60dba4a5414f7925acf62e27555dfb373d06fe442","container_name":"/nginx_proxy"}
2026-10-08T21:11:40+00:00	docker.nginx	{"container_id":"9eb45b827cfd4b5481fa3ed60dba4a5414f7925acf62e27555dfb373d06fe442","container_name":"/nginx_proxy","source":"stdout","log":"/docker-entrypoint.sh: Launching /docker-entrypoint.d/30-tune-worker-processes.sh"}
2026-10-08T21:11:40+00:00	docker.nginx	{"container_id":"9eb45b827cfd4b5481fa3ed60dba4a5414f7925acf62e27555dfb373d06fe442","container_name":"/nginx_proxy","source":"stdout","log":"/docker-entrypoint.sh: Configuration complete; ready for start up"}
2026-10-08T21:11:40+00:00	docker.nginx	{"log":"2026/10/08 21:11:40 [notice] 1#1: using the \"epoll\" event method","container_id":"9eb45b827cfd4b5481fa3ed60dba4a5414f7925acf62e27555dfb373d06fe442","container_name":"/nginx_proxy","source":"stderr"}
2026-10-08T21:11:40+00:00	docker.nginx	{"container_id":"9eb45b827cfd4b5481fa3ed60dba4a5414f7925acf62e27555dfb373d06fe442","container_name":"/nginx_proxy","source":"stderr","log":"2026/10/08 21:11:40 [notice] 1#1: nginx/1.27.5"}
2026-10-08T21:11:40+00:00	docker.nginx	{"container_name":"/nginx_proxy","source":"stderr","log":"2026/10/08 21:11:40 [notice] 1#1: built by gcc 14.2.0 (Alpine 14.2.0) ","container_id":"9eb45b827cfd4b5481fa3ed60dba4a5414f7925acf62e27555dfb373d06fe442"}
2026-10-08T21:11:40+00:00	docker.nginx	{"container_id":"9eb45b827cfd4b5481fa3ed60dba4a5414f7925acf62e27555dfb373d06fe442","container_name":"/nginx_proxy","source":"stderr","log":"2026/10/08 21:11:40 [notice] 1#1: OS: Linux 5.15.146.1-microsoft-standard-WSL2"}
2026-10-08T21:11:40+00:00	docker.nginx	{"container_id":"9eb45b827cfd4b5481fa3ed60dba4a5414f7925acf62e27555dfb373d06fe442","container_name":"/nginx_proxy","source":"stderr","log":"2026/10/08 21:11:40 [notice] 1#1: getrlimit(RLIMIT_NOFILE): 1048576:1048576"}
2026-10-08T21:11:40+00:00	docker.nginx	{"container_id":"9eb45b827cfd4b5481fa3ed60dba4a5414f7925acf62e27555dfb373d06fe442","container_name":"/nginx_proxy","source":"stderr","log":"2026/10/08 21:11:40 [notice] 1#1: start worker processes"}
2026-10-08T21:11:40+00:00	docker.nginx	{"log":"2026/10/08 21:11:40 [notice] 1#1: start worker process 21","container_id":"9eb45b827cfd4b5481fa3ed60dba4a5414f7925acf62e27555dfb373d06fe442","container_name":"/nginx_proxy","source":"stderr"}
2026-10-08T21:11:40+00:00	docker.nginx	{"container_id":"9eb45b827cfd4b5481fa3ed60dba4a5414f7925acf62e27555dfb373d06fe442","container_name":"/nginx_proxy","source":"stderr","log":"2026/10/08 21:11:40 [notice] 1#1: start worker process 22"}
2026-10-08T21:11:40+00:00	docker.nginx	{"container_id":"9eb45b827cfd4b5481fa3ed60dba4a5414f7925acf62e27555dfb373d06fe442","container_name":"/nginx_proxy","source":"stderr","log":"2026/10/08 21:11:40 [notice] 1#1: start worker process 23"}
2026-10-08T21:11:40+00:00	docker.nginx	{"container_id":"9eb45b827cfd4b5481fa3ed60dba4a5414f7925acf62e27555dfb373d06fe442","container_name":"/nginx_proxy","source":"stderr","log":"2026/10/08 21:11:40 [notice] 1#1: start worker process 24"}
2026-10-08T21:11:40+00:00	docker.nginx	{"source":"stderr","log":"2026/10/08 21:11:40 [notice] 1#1: start worker process 25","container_id":"9eb45b827cfd4b5481fa3ed60dba4a5414f7925acf62e27555dfb373d06fe442","container_name":"/nginx_proxy"}
2026-10-08T21:11:40+00:00	docker.nginx	{"source":"stderr","log":"2026/10/08 21:11:40 [notice] 1#1: start worker process 26","container_id":"9eb45b827cfd4b5481fa3ed60dba4a5414f7925acf62e27555dfb373d06fe442","container_name":"/nginx_proxy"}
2026-10-08T21:11:40+00:00	docker.nginx	{"container_id":"9eb45b827cfd4b5481fa3ed60dba4a5414f7925acf62e27555dfb373d06fe442","container_name":"/nginx_proxy","source":"stderr","log":"2026/10/08 21:11:40 [notice] 1#1: start worker process 27"}
2026-10-08T21:11:40+00:00	docker.nginx	{"container_id":"9eb45b827cfd4b5481fa3ed60dba4a5414f7925acf62e27555dfb373d06fe442","container_name":"/nginx_proxy","source":"stderr","log":"2026/10/08 21:11:40 [notice] 1#1: start worker process 28"}
2026-10-08T21:11:40+00:00	docker.nginx	{"container_id":"9eb45b827cfd4b5481fa3ed60dba4a5414f7925acf62e27555dfb373d06fe442","container_name":"/nginx_proxy","source":"stderr","log":"2026/10/08 21:11:40 [notice] 1#1: start worker process 29"}
2026-10-08T21:11:40+00:00	docker.nginx	{"log":"2026/10/08 21:11:40 [notice] 1#1: start worker process 30","container_id":"9eb45b827cfd4b5481fa3ed60dba4a5414f7925acf62e27555dfb373d06fe442","container_name":"/nginx_proxy","source":"stderr"}
2026-10-08T21:11:40+00:00	docker.nginx	{"source":"stderr","log":"2026/10/08 21:11:40 [notice] 1#1: start worker process 31","container_id":"9eb45b827cfd4b5481fa3ed60dba4a5414f7925acf62e27555dfb373d06fe442","container_name":"/nginx_proxy"}
2026-10-08T21:11:40+00:00	docker.nginx	{"source":"stderr","log":"2026/10/08 21:11:40 [notice] 1#1: start worker process 32","container_id":"9eb45b827cfd4b5481fa3ed60dba4a5414f7925acf62e27555dfb373d06fe442","container_name":"/nginx_proxy"}
2026-10-08T21:11:40+00:00	docker.fastapi	{"log":"INFO:     Started server process [1]","container_id":"05052207c8239346115112962d11e39be5580bc30a4dd86b75fe4ea04d0e26b7","container_name":"/fastapi_app","source":"stderr"}
2026-10-08T21:11:40+00:00	docker.fastapi	{"log":"INFO:     Waiting for application startup.","container_id":"05052207c8239346115112962d11e39be5580bc30a4dd86b75fe4ea04d0e26b7","container_name":"/fastapi_app","source":"stderr"}
2026-10-08T21:11:40+00:00	docker.fastapi	{"container_name":"/fastapi_app","source":"stderr","log":"INFO:     Application startup complete.","container_id":"05052207c8239346115112962d11e39be5580bc30a4dd86b75fe4ea04d0e26b7"}
2026-10-08T21:11:40+00:00	docker.fastapi	{"log":"INFO:     Uvicorn running on http://0.0.0.0:8000 (Press CTRL+C to quit)","container_id":"05052207c8239346115112962d11e39be5580bc30a4dd86b75fe4ea04d0e26b7","container_name":"/fastapi_app","source":"stderr"}
